../Core/Src/main.c:23:5:main	16	static
../Core/Src/main.c:62:6:vBlueLedControllerTask	16	static
../Core/Src/main.c:72:6:vRedLedControllerTask	16	static
../Core/Src/main.c:81:6:vGreenLedControllerTask	16	static
../Core/Src/main.c:90:5:__io_putchar	16	static
../Core/Src/main.c:96:6:SystemClock_Config	88	static
../Core/Src/main.c:132:13:MX_USART2_UART_Init	8	static
../Core/Src/main.c:148:13:MX_GPIO_Init	16	static
../Core/Src/main.c:154:6:StartDefaultTask	16	static
../Core/Src/main.c:162:6:HAL_TIM_PeriodElapsedCallback	16	static
../Core/Src/main.c:169:6:Error_Handler	4	static,ignoring_inline_asm
